// Jest Snapshot v1, https://goo.gl/fbAQLP

exports[`<Main /> renders correctly 1`] = `
<div>
  <div
    className="navbar-fixed"
  >
    <nav
      className="red darken-4"
      role="navigation"
    >
      <div
        className="nav-wrapper container"
      >
        <a
          className="brand-logo"
          href="#"
          id="logo-container"
        >
          Nearest Candidates
        </a>
      </div>
    </nav>
  </div>
  <div
    className="page"
    id="homePage"
  >
    <div
      className="container"
    >
      <div
        className="section"
      >
        <div
          className="col s12"
          id="map"
          style={
            Object {
              "height": "500px",
            }
          }
        />
      </div>
    </div>
  </div>
</div>
`;
